Resolving dependencies...
Downloading packages...
  app_links 6.4.1 (7.0.0 available)
  audioplayers 5.2.1 (6.6.0 available)
  audioplayers_android 4.0.3 (5.2.1 available)
  audioplayers_darwin 5.0.2 (6.4.0 available)
  audioplayers_linux 3.1.0 (4.2.1 available)
  audioplayers_platform_interface 6.1.0 (7.1.1 available)
  audioplayers_web 4.1.0 (5.2.0 available)
  audioplayers_windows 3.1.0 (4.3.0 available)
  cross_file 0.3.5+1 (0.3.5+2 available)
  dart_jsonwebtoken 3.3.1 (3.3.2 available)
  dbus 0.7.11 (0.7.12 available)
  ffi 2.1.5 (2.2.0 available)
  flutter_dotenv 5.2.1 (6.0.0 available)
  flutter_local_notifications 20.0.0 (21.0.0 available)
  flutter_local_notifications_linux 7.0.0 (8.0.0 available)
  flutter_local_notifications_platform_interface 10.0.0 (11.0.0 available)
  flutter_local_notifications_windows 2.0.0 (3.0.0 available)
  google_fonts 8.0.0 (8.0.2 available)
  google_sign_in 6.3.0 (7.2.0 available)
  google_sign_in_android 6.2.1 (7.2.9 available)
  google_sign_in_ios 5.9.0 (6.3.0 available)
  google_sign_in_platform_interface 2.5.0 (3.1.0 available)
  google_sign_in_web 0.12.4+4 (1.1.3 available)
  hooks 1.0.0 (1.0.2 available)
  image_picker_android 0.8.13+13 (0.8.13+14 available)
  image_picker_ios 0.8.13+5 (0.8.13+6 available)
  js 0.6.7 (0.7.2 available)
  lints 6.0.0 (6.1.0 available)
  meta 1.17.0 (1.18.1 available)
  mime 1.0.6 (2.0.0 available)
  native_toolchain_c 0.17.4 (0.17.5 available)
  objective_c 9.2.4 (9.3.0 available)
  petitparser 7.0.1 (7.0.2 available)
  share_plus 7.2.2 (12.0.1 available)
  share_plus_platform_interface 3.4.0 (6.1.0 available)
  shared_preferences_android 2.4.20 (2.4.21 available)
  source_span 1.10.1 (1.10.2 available)
  timezone 0.10.1 (0.11.0 available)
  url_launcher_ios 6.3.6 (6.4.1 available)
  uuid 4.5.2 (4.5.3 available)
  win32 5.15.0 (6.0.0 available)
Got dependencies!
41 packages have newer versions incompatible with dependency constraints.
Try `flutter pub outdated` for more information.
Running Gradle task 'assembleDebug'...                          
flutter : lib/screens/h
ome/dashboard_screen.da
rt:15:8: Error: Error 
when reading 'lib/servi
ces/monetization_servic
e.dart': The system 
cannot find the file 
specified
At line:1 char:1
+ flutter build apk 
--debug > 
build_output.txt 2>&1
+ ~~~~~~~~~~~~~~~~~~~~~
~~~~~~~~~~~~~~~~~~~~~~~
~~~~~
    + CategoryInfo     
         : NotSpecifi  
  ed: (lib/screens/h   
 om... file specifi    
ed:String) [], Rem    
oteException
    + FullyQualifiedEr 
   rorId : NativeComm  
  andError
 
import '../../services/
monetization_service.da
rt';
       ^
lib/screens/home/dashbo
ard_screen.dart:16:8: 
Error: Error when 
reading 'lib/widgets/ad
_banner.dart': The 
system cannot find the 
file specified
import '../../widgets/a
d_banner.dart';
       ^
lib/screens/home/feedin
g_screen.dart:10:8: 
Error: Error when 
reading 'lib/widgets/ad
_banner.dart': The 
system cannot find the 
file specified
import '../../widgets/a
d_banner.dart';
       ^
lib/screens/home/mom_ca
re_screen.dart:6:8: 
Error: Error when 
reading 'lib/widgets/ad
_banner.dart': The 
system cannot find the 
file specified
import '../../widgets/a
d_banner.dart';
       ^
lib/screens/home/prescr
iption_screen.dart:6:8:
 Error: Error when 
reading 'lib/widgets/ad
_banner.dart': The 
system cannot find the 
file specified
import '../../widgets/a
d_banner.dart';
       ^
lib/screens/home/profil
e_screen.dart:4:8: 
Error: Error when 
reading 'lib/services/m
onetization_service.dar
t': The system cannot 
find the file specified
import '../../services/
monetization_service.da
rt';
       ^
lib/screens/home/dashbo
ard_screen.dart:63:27: 
Error: 
'MonetizationService' 
isn't a type.
             context.re
ad<MonetizationService>
().checkStatus();
                       
   ^^^^^^^^^^^^^^^^^^^
lib/screens/home/dashbo
ard_screen.dart:273:19:
 Error: Not a constant 
expression.
            const 
AdBannerWidget(),
                  
^^^^^^^^^^^^^^
lib/screens/home/dashbo
ard_screen.dart:342:41:
 Error: 
'MonetizationService' 
isn't a type.
      final 
monetization = context.
read<MonetizationServic
e>();
                       
                 
^^^^^^^^^^^^^^^^^^^
lib/screens/home/dashbo
ard_screen.dart:442:45:
 Error: 
'MonetizationService' 
isn't a type.
          final 
monetization = context.
read<MonetizationServic
e>();
                       
                     
^^^^^^^^^^^^^^^^^^^
lib/screens/home/feedin
g_screen.dart:341:24: 
Error: The method 
'AdBannerWidget' isn't 
defined for the type 
'_FeedingScreenState'.
 - 
'_FeedingScreenState' 
is from 'package:new_mo
m_tracker/screens/home/
feeding_screen.dart' ('
lib/screens/home/feedin
g_screen.dart').
Try correcting the 
name to the name of an 
existing method, or 
defining a method 
named 'AdBannerWidget'.
                child: 
AdBannerWidget(),
                       
^^^^^^^^^^^^^^
lib/screens/home/mom_ca
re_screen.dart:220:17: 
Error: Not a constant 
expression.
          const 
AdBannerWidget(),
                
^^^^^^^^^^^^^^
lib/screens/home/prescr
iption_screen.dart:380:
19: Error: Not a 
constant expression.
            const 
AdBannerWidget(), // 
Ad at bottom
                  
^^^^^^^^^^^^^^
lib/screens/home/profil
e_screen.dart:240:42: 
Error: 
'MonetizationService' 
isn't a type.
                    
value: context.watch<Mo
netizationService>().is
DebugMode,
                       
                  
^^^^^^^^^^^^^^^^^^^
lib/screens/home/profil
e_screen.dart:241:54: 
Error: 
'MonetizationService' 
isn't a type.
                    
onChanged: (val) => con
text.read<MonetizationS
ervice>().toggleDebugMo
de(val),
                       
                       
       
^^^^^^^^^^^^^^^^^^^
lib/screens/home/histor
y_screen.dart:158:35: 
Error: Can't find ')' 
to match '('.
                  
return Container(
                       
           ^
Target kernel_snapshot_
program failed: 
Exception


FAILURE: Build failed 
with an exception.

* What went wrong:
Execution failed for 
task ':app:compileFlutt
erBuildDebug'.
> Process 'command 'C:\
flutter\flutter\bin\flu
tter.bat'' finished 
with non-zero exit 
value 1

* Try:
> Run with 
--stacktrace option to 
get the stack trace.
> Run with --info or 
--debug option to get 
more log output.
> Run with --scan to 
get full insights.
> Get more help at http
s://help.gradle.org.

BUILD FAILED in 14s
Running Gradle task 'assembleDebug'...                             14.8s
Gradle task 
assembleDebug failed 
with exit code 1
