  error - Expected an identifier - fix_ui.dart:22:5 - missing_identifier
  error - Expected to find ',' - fix_ui.dart:22:6 - expected_token
  error - Unterminated string literal - fix_ui.dart:22:36 - unterminated_string_literal
  error - Expected to find ')' - fix_ui.dart:23:5 - expected_token
  error - Unterminated string literal - fix_ui.dart:23:88 - unterminated_string_literal
  error - Expected an identifier - fix_ui.dart:26:5 - missing_identifier
  error - Expected to find ',' - fix_ui.dart:26:6 - expected_token
  error - Unterminated string literal - fix_ui.dart:26:67 - unterminated_string_literal
  error - Expected to find ')' - fix_ui.dart:27:5 - expected_token
  error - Unterminated string literal - fix_ui.dart:27:149 - unterminated_string_literal
  error - Expected an identifier - fix_ui.dart:37:5 - missing_identifier
  error - Expected to find ',' - fix_ui.dart:37:6 - expected_token
  error - Unterminated string literal - fix_ui.dart:37:26 - unterminated_string_literal
  error - Expected to find ')' - fix_ui.dart:38:5 - expected_token
  error - Unterminated string literal - fix_ui.dart:38:350 - unterminated_string_literal
  error - Expected an identifier - fix_ui.dart:42:5 - missing_identifier
  error - Expected to find ',' - fix_ui.dart:42:6 - expected_token
  error - Unterminated string literal - fix_ui.dart:42:230 - unterminated_string_literal
  error - Expected to find ')' - fix_ui.dart:43:5 - expected_token
  error - Unterminated string literal - fix_ui.dart:43:8 - unterminated_string_literal
  error - Expected an identifier - fix_ui.dart:47:5 - missing_identifier
  error - Expected to find ',' - fix_ui.dart:47:6 - expected_token
  error - Unterminated string literal - fix_ui.dart:47:76 - unterminated_string_literal
  error - Expected to find ')' - fix_ui.dart:48:5 - expected_token
  error - Unterminated string literal - fix_ui.dart:48:423 - unterminated_string_literal
  error - Expected an identifier - fix_ui.dart:58:5 - missing_identifier
  error - Expected to find ',' - fix_ui.dart:58:6 - expected_token
  error - Unterminated string literal - fix_ui.dart:58:52 - unterminated_string_literal
  error - Expected to find ')' - fix_ui.dart:59:5 - expected_token
  error - Unterminated string literal - fix_ui.dart:59:174 - unterminated_string_literal
  error - Expected an identifier - fix_ui.dart:62:5 - missing_identifier
  error - Expected to find ',' - fix_ui.dart:62:6 - expected_token
  error - Unterminated string literal - fix_ui.dart:62:53 - unterminated_string_literal
  error - Expected to find ')' - fix_ui.dart:63:5 - expected_token
  error - Unterminated string literal - fix_ui.dart:63:65 - unterminated_string_literal
  error - Expected an identifier - fix_ui.dart:66:5 - missing_identifier
  error - Expected to find ',' - fix_ui.dart:66:6 - expected_token
  error - Unterminated string literal - fix_ui.dart:66:63 - unterminated_string_literal
  error - Expected to find ')' - fix_ui.dart:67:5 - expected_token
  error - Unterminated string literal - fix_ui.dart:67:85 - unterminated_string_literal
  error - Expected an identifier - fix_ui.dart:70:5 - missing_identifier
  error - Expected to find ',' - fix_ui.dart:70:6 - expected_token
  error - Unterminated string literal - fix_ui.dart:70:97 - unterminated_string_literal
  error - Expected to find ')' - fix_ui.dart:71:5 - expected_token
  error - Unterminated string literal - fix_ui.dart:71:216 - unterminated_string_literal
  error - The getter 'surfaceElevated' isn't defined for the type 'PremiumColors' - lib\screens\home\ai_chat_screen.dart:335:40 - undefined_getter
  error - The argument type '_AppointmentsScreenState' can't be assigned to the parameter type 'TickerProvider'.  - lib\screens\home\appointments_screen.dart:25:54 - argument_type_not_assignable
  error - The method 'addReminder' isn't defined for the type 'LocalStorageService' - lib\screens\home\appointments_screen.dart:83:45 - undefined_method
  error - The named parameter 'child' isn't defined - lib\screens\home\babysitter_mode_screen.dart:94:27 - undefined_named_parameter
  error - Expected an identifier - lib\screens\home\babysitter_mode_screen.dart:107:25 - missing_identifier
  error - Expected to find ')' - lib\screens\home\babysitter_mode_screen.dart:107:25 - expected_token
  error - Expected to find ',' - lib\screens\home\babysitter_mode_screen.dart:107:25 - expected_token
  error - The method '_staggeredItem' isn't defined for the type '_DevelopmentGuideScreenState' - lib\screens\home\development_guide_screen.dart:180:28 - undefined_method
  error - Unexpected text 'AutomaticKeepAliveClientMixin' - lib\screens\home\explore_screen.dart:33:56 - unexpected_token
  error - The method 'build' is always abstract in the supertype - lib\screens\home\explore_screen.dart:59:11 - abstract_super_member_reference
  error - Expected to find ')' - lib\screens\home\explore_screen.dart:93:6 - expected_token
  error - The getter 'label' isn't defined for the type 'PremiumTypography' - lib\screens\home\explore_screen.dart:149:31 - undefined_getter
  error - The argument type '_ScaleOnTapItemState' can't be assigned to the parameter type 'TickerProvider'.  - lib\screens\home\explore_screen.dart:278:14 - argument_type_not_assignable
  error - Expected to find ']' - lib\screens\home\feeding_analytics_screen.dart:126:26 - expected_token
  error - Too many positional arguments: 0 expected, but 2 found - lib\screens\home\feeding_analytics_screen.dart:127:25 - extra_positional_arguments_could_be_named
  error - The named parameter 'isDark' is required, but there's no corresponding argument - lib\screens\home\feeding_analytics_screen.dart:141:50 - missing_required_argument
  error - Expected an identifier - lib\screens\home\feeding_analytics_screen.dart:145:40 - missing_identifier
  error - Expected to find ':' - lib\screens\home\feeding_analytics_screen.dart:145:40 - expected_token
  error - Expected to find ')' - lib\screens\home\feeding_analytics_screen.dart:147:37 - expected_token
  error - Expected to find ']' - lib\screens\home\feeding_analytics_screen.dart:147:37 - expected_token
  error - Too many positional arguments: 0 expected, but 2 found - lib\screens\home\feeding_analytics_screen.dart:149:31 - extra_positional_arguments_could_be_named
  error - Too many positional arguments: 0 expected, but 5 found - lib\screens\home\feeding_analytics_screen.dart:160:25 - extra_positional_arguments_could_be_named
  error - Expected to find ')' - lib\screens\home\feeding_analytics_screen.dart:197:23 - expected_token
  error - Expected to find ';' - lib\screens\home\feeding_analytics_screen.dart:199:19 - expected_token
  error - Expected an identifier - lib\screens\home\feeding_analytics_screen.dart:199:20 - missing_identifier
  error - Expected to find ';' - lib\screens\home\feeding_analytics_screen.dart:199:20 - expected_token
  error - Unexpected text ';' - lib\screens\home\feeding_analytics_screen.dart:199:20 - unexpected_token
  error - Expected an identifier - lib\screens\home\feeding_analytics_screen.dart:200:17 - missing_identifier
  error - Expected to find ';' - lib\screens\home\feeding_analytics_screen.dart:200:17 - expected_token
  error - Unexpected text ';' - lib\screens\home\feeding_analytics_screen.dart:200:17 - unexpected_token
  error - Expected an identifier - lib\screens\home\feeding_analytics_screen.dart:200:18 - missing_identifier
  error - Expected to find ';' - lib\screens\home\feeding_analytics_screen.dart:200:18 - expected_token
  error - Unexpected text ';' - lib\screens\home\feeding_analytics_screen.dart:200:18 - unexpected_token
  error - Expected an identifier - lib\screens\home\feeding_analytics_screen.dart:201:15 - missing_identifier
  error - Expected to find ';' - lib\screens\home\feeding_analytics_screen.dart:201:15 - expected_token
  error - Unexpected text ';' - lib\screens\home\feeding_analytics_screen.dart:201:15 - unexpected_token
  error - Expected an identifier - lib\screens\home\feeding_analytics_screen.dart:201:16 - missing_identifier
  error - Expected to find ';' - lib\screens\home\feeding_analytics_screen.dart:201:16 - expected_token
  error - Unexpected text ';' - lib\screens\home\feeding_analytics_screen.dart:201:16 - unexpected_token
  error - Expected an identifier - lib\screens\home\feeding_analytics_screen.dart:202:13 - missing_identifier
  error - Expected to find ';' - lib\screens\home\feeding_analytics_screen.dart:202:13 - expected_token
  error - Unexpected text ';' - lib\screens\home\feeding_analytics_screen.dart:202:13 - unexpected_token
  error - Expected an identifier - lib\screens\home\feeding_analytics_screen.dart:202:14 - missing_identifier
  error - Expected to find ';' - lib\screens\home\feeding_analytics_screen.dart:202:14 - expected_token
  error - Unexpected text ';' - lib\screens\home\feeding_analytics_screen.dart:202:14 - unexpected_token
  error - Expected an identifier - lib\screens\home\feeding_analytics_screen.dart:203:5 - missing_identifier
  error - Unexpected text ';' - lib\screens\home\feeding_analytics_screen.dart:203:5 - unexpected_token
  error - The named parameter 'child' isn't defined - lib\screens\home\food_intro_screen.dart:113:33 - undefined_named_parameter
  error - Expected to find ')' - lib\screens\home\history_screen.dart:181:20 - expected_token
  error - 6 positional arguments expected by '_reportCard', but 4 found - lib\screens\home\reports_screen.dart:188:79 - not_enough_positional_arguments
  error - Expected to find ')' - lib\screens\home\reports_screen.dart:189:27 - expected_token
  error - 6 positional arguments expected by '_reportCard', but 4 found - lib\screens\home\reports_screen.dart:197:88 - not_enough_positional_arguments
  error - Expected to find ')' - lib\screens\home\reports_screen.dart:198:27 - expected_token
  error - Expected to find ')' - lib\screens\home\reports_screen.dart:236:15 - expected_token
  error - Expected an identifier - lib\screens\home\sleep_analytics_screen.dart:178:40 - missing_identifier
  error - Expected to find ':' - lib\screens\home\sleep_analytics_screen.dart:178:40 - expected_token
  error - Expected to find ')' - lib\screens\home\sleep_analytics_screen.dart:180:37 - expected_token
  error - Expected to find ']' - lib\screens\home\sleep_analytics_screen.dart:180:37 - expected_token
  error - Too many positional arguments: 0 expected, but 2 found - lib\screens\home\sleep_analytics_screen.dart:182:31 - extra_positional_arguments_could_be_named
  error - Expected to find ')' - lib\screens\home\sleep_analytics_screen.dart:230:29 - expected_token
  error - Too many positional arguments: 0 expected, but 6 found - lib\screens\home\teething_tracker_screen.dart:127:25 - extra_positional_arguments_could_be_named
  error - Expected to find ')' - lib\screens\home\teething_tracker_screen.dart:144:23 - expected_token
  error - The method 'cancelWhiteNoiseNotification' isn't defined for the type 'NotificationService' - lib\screens\home\white_noise_screen.dart:63:41 - undefined_method
  error - The method 'cancelWhiteNoiseNotification' isn't defined for the type 'NotificationService' - lib\screens\home\white_noise_screen.dart:73:49 - undefined_method
  error - The method 'showWhiteNoiseNotification' isn't defined for the type 'NotificationService' - lib\screens\home\white_noise_screen.dart:94:55 - undefined_method
  error - The method 'cancelWhiteNoiseNotification' isn't defined for the type 'NotificationService' - lib\screens\home\white_noise_screen.dart:121:51 - undefined_method
  error - The named parameter 'child' isn't defined - lib\screens\home\white_noise_screen.dart:186:37 - undefined_named_parameter
  error - Expected to find ')' - lib\screens\home\white_noise_screen.dart:194:32 - expected_token
FullyQualifiedErrorI   
 d : NativeCommandError
