00:00 +0: loading C:/Users/Keba/Desktop/NEWMOM/test/auth_repository_test.dart
00:00 +0: C:/Users/Keba/Desktop/NEWMOM/test/auth_repository_test.dart: AuthRepository Structure AuthRepository exists and can be imported
00:00 +1: C:/Users/Keba/Desktop/NEWMOM/test/chat_bubble_widget_test.dart: ChatMessageBubble Widget Tests renders user message correctly
00:01 +2: C:/Users/Keba/Desktop/NEWMOM/test/chat_input_area_widget_test.dart: ChatInputArea Widget Tests renders input field and sends message
00:01 +3: C:/Users/Keba/Desktop/NEWMOM/test/chat_input_area_widget_test.dart: ChatInputArea Widget Tests renders input field and sends message
00:02 +4: C:/Users/Keba/Desktop/NEWMOM/test/chat_input_area_widget_test.dart: ChatInputArea Widget Tests renders input field and sends message
00:02 +5: C:/Users/Keba/Desktop/NEWMOM/test/chat_input_area_widget_test.dart: ChatInputArea Widget Tests renders input field and sends message
00:02 +6: C:/Users/Keba/Desktop/NEWMOM/test/chat_input_area_widget_test.dart: ChatInputArea Widget Tests renders input field and sends message
00:02 +7: C:/Users/Keba/Desktop/NEWMOM/test/chat_input_area_widget_test.dart: ChatInputArea Widget Tests renders input field and sends message
00:02 +8: C:/Users/Keba/Desktop/NEWMOM/test/chat_input_area_widget_test.dart: ChatInputArea Widget Tests renders input field and sends message
00:02 +9: C:/Users/Keba/Desktop/NEWMOM/test/chat_input_area_widget_test.dart: ChatInputArea Widget Tests renders input field and sends message
00:03 +10: C:/Users/Keba/Desktop/NEWMOM/test/feeding_screen_test.dart: FeedingScreen shows essential UI elements
00:06 +11 -1: loading C:/Users/Keba/Desktop/NEWMOM/test/login_screen_test.dart [E]
  Failed to load "C:/Users/Keba/Desktop/NEWMOM/test/login_screen_test.dart":
  Compilation failed for testPath=C:/Users/Keba/Desktop/NEWMOM/test/login_screen_test.dart: lib/screens/home/edit_profile_screen.dart:95:41: Error: A value of type 'double?' can't be assigned to a variable of type 'String'.
          updates['baby_height'] = double.tryParse(_heightController.text.trim());
                                          ^
  lib/screens/home/edit_profile_screen.dart:98:41: Error: A value of type 'double?' can't be assigned to a variable of type 'String'.
          updates['baby_weight'] = double.tryParse(_weightController.text.trim());
                                          ^
  .
00:10 +11 -1: C:/Users/Keba/Desktop/NEWMOM/test/offline_sync_test.dart: OfflineSyncAction Serialization serializes action to JSON correctly
00:10 +12 -1: C:/Users/Keba/Desktop/NEWMOM/test/offline_sync_test.dart: OfflineSyncAction Serialization serializes multiple actions correctly
00:10 +13 -1: C:/Users/Keba/Desktop/NEWMOM/test/offline_sync_test.dart: OfflineSyncAction Serialization deserializes action from JSON correctly
00:10 +14 -1: C:/Users/Keba/Desktop/NEWMOM/test/offline_sync_test.dart: OfflineSyncAction Serialization empty queue serializes correctly
00:10 +15 -1: C:/Users/Keba/Desktop/NEWMOM/test/offline_sync_test.dart: OfflineSyncService Integration adds action to queue and retrieves it
Added to offline queue: insert on test_table
Attempting to sync 1 offline actions...
00:10 +16 -1: C:/Users/Keba/Desktop/NEWMOM/test/offline_sync_test.dart: DashboardViewModel Logic baby name defaults to "Baby" when null
00:10 +17 -1: C:/Users/Keba/Desktop/NEWMOM/test/offline_sync_test.dart: DashboardViewModel Logic showOnboarding is true when baby name is null and not loading
00:10 +18 -1: C:/Users/Keba/Desktop/NEWMOM/test/offline_sync_test.dart: DashboardViewModel Logic showOnboarding is false when loading
00:10 +19 -1: C:/Users/Keba/Desktop/NEWMOM/test/offline_sync_test.dart: FeedingViewModel Logic timer format returns correct format
00:10 +20 -1: C:/Users/Keba/Desktop/NEWMOM/test/offline_sync_test.dart: FeedingViewModel Logic duration clamps correctly after timer stop
00:10 +21 -1: C:/Users/Keba/Desktop/NEWMOM/test/offline_sync_test.dart: FeedingViewModel Logic duration clamps max at 60
00:10 +22 -1: C:/Users/Keba/Desktop/NEWMOM/test/offline_sync_test.dart: FeedingViewModel Logic smart reminder calculation averages gaps correctly
00:10 +23 -1: C:/Users/Keba/Desktop/NEWMOM/test/result_type_test.dart: Result Core Pipeline Tests Success wraps value correctly and exposes it
00:11 +24 -1: C:/Users/Keba/Desktop/NEWMOM/test/result_type_test.dart: Result Core Pipeline Tests Failure wraps error message and exception
Result Failure: Offline Database Error -> Exception: Connection refused
00:11 +25 -1: C:/Users/Keba/Desktop/NEWMOM/test/result_type_test.dart: Result Core Pipeline Tests Pattern matching executes correct branch for Success
00:11 +26 -1: C:/Users/Keba/Desktop/NEWMOM/test/result_type_test.dart: Result Core Pipeline Tests Pattern matching executes correct branch for Failure
00:11 +27 -1: Some tests failed.
